// Jest Snapshot v1, https://goo.gl/fbAQLP

exports[`NavActionButtons - General should render with required props 1`] = `
<div
  className="navButtons"
>
  <button
    className="navButton navbarButton_fullscreen"
    disabled={false}
    key="fullscreen"
    name="fullscreen"
    onClick={[Function]}
    title="i18n string"
  >
    <i
      className="material-icons"
    >
      fullscreen
    </i>
    <br />
    <span
      className="hideonresize"
    >
      i18n string
    </span>
  </button>
  <button
    className="navButton navbarButton_undo"
    disabled={false}
    key="undo"
    name="undo"
    onClick={[MockFunction undo]}
    title="i18n string"
  >
    <i
      className="material-icons"
    >
      undo
    </i>
    <br />
    <span
      className="hideonresize"
    >
      i18n string
    </span>
  </button>
  <button
    className="navButton navbarButton_redo"
    disabled={false}
    key="redo"
    name="redo"
    onClick={[MockFunction redo]}
    title="i18n string"
  >
    <i
      className="material-icons"
    >
      redo
    </i>
    <br />
    <span
      className="hideonresize"
    >
      i18n string
    </span>
  </button>
  <button
    className="navButton navbarButton_save"
    disabled={false}
    key="save"
    name="save"
    onClick={[Function]}
    title="i18n string"
  >
    <i
      className="material-icons"
    >
      save
    </i>
    <br />
    <span
      className="hideonresize"
    >
      i18n string
    </span>
  </button>
  <button
    className="navButton navbarButton_preview"
    disabled={false}
    key="preview"
    name="preview"
    onClick={[Function]}
    title="i18n string"
  >
    <i
      className="material-icons"
    >
      visibility
    </i>
    <br />
    <span
      className="hideonresize"
    >
      i18n string
    </span>
  </button>
</div>
`;
