// Jest Snapshot v1, https://goo.gl/fbAQLP

exports[`Alert should render with required props 1`] = `
<Modal
  animation={true}
  autoFocus={true}
  backdrop={true}
  bsClass="modal"
  className="popupAlert"
  dialogComponentClass={[Function]}
  enforceFocus={true}
  id="alertModal"
  keyboard={true}
  manager={
    ModalManager {
      "add": [Function],
      "containers": Array [],
      "data": Array [],
      "handleContainerOverflow": true,
      "hideSiblingNodes": true,
      "isTopModal": [Function],
      "modals": Array [],
      "remove": [Function],
    }
  }
  onHide={[Function]}
  onKeyUp={[Function]}
  renderBackdrop={[Function]}
  restoreFocus={true}
  show={false}
>
  <ModalBody
    bsClass="modal-body"
    componentClass="div"
  />
  <ModalFooter
    bsClass="modal-footer"
    componentClass="div"
  >
    <Button
      active={false}
      block={false}
      bsClass="btn"
      bsStyle="primary"
      className="popupFooterButton"
      disabled={false}
      name="okButton"
      onClick={[Function]}
    >
      i18n string
    </Button>
  </ModalFooter>
</Modal>
`;
